#-----------------------------------------------------------
# Webtalk v2020.1 (64-bit)
# SW Build 2902540 on Wed May 27 19:54:49 MDT 2020
# IP Build 2902112 on Wed May 27 22:43:36 MDT 2020
# Start of session at: Sat May 25 20:52:05 2024
# Process ID: 57476
# Current directory: C:/Users/edshe/Desktop/New folder/risc_5_with_stalling_forwarding/risc_5_with_stalling_forwarding.sim/sim_1/behav/xsim
# Command line: wbtcv.exe -mode batch -source C:/Users/edshe/Desktop/New folder/risc_5_with_stalling_forwarding/risc_5_with_stalling_forwarding.sim/sim_1/behav/xsim/xsim.dir/RISC_tb_behav/webtalk/xsim_webtalk.tcl -notrace
# Log file: C:/Users/edshe/Desktop/New folder/risc_5_with_stalling_forwarding/risc_5_with_stalling_forwarding.sim/sim_1/behav/xsim/webtalk.log
# Journal file: C:/Users/edshe/Desktop/New folder/risc_5_with_stalling_forwarding/risc_5_with_stalling_forwarding.sim/sim_1/behav/xsim\webtalk.jou
#-----------------------------------------------------------
source C:/Users/edshe/Desktop/New -notrace
